// Jest Snapshot v1, https://goo.gl/fbAQLP

exports[`Form render render an Form Component 1`] = `
<form
  className="code-ui-form"
  onSubmit={[Function]}
>
  <div
    className="code-ui-formItem"
  >
    <div
      className="code-ui-formItem-itemBox"
    >
      <div
        className="code-ui-row"
        style={Object {}}
      >
        <div
          className="code-ui-col code-ui-col-8"
          style={Object {}}
        >
          <span
            className="code-ui-formItem-label"
          >
            test
          </span>
        </div>
        <div
          className="code-ui-col code-ui-col-12"
          style={Object {}}
        >
          <div
            className="code-ui-formItemInput"
          >
            <div
              className="code-ui-formItemInput-input"
            >
              <input
                className="code-ui-input-inputLabel"
                disabled={false}
                onBlur={[Function]}
                onChange={[Function]}
                onFocus={[Function]}
                type="text"
              />
            </div>
          </div>
        </div>
      </div>
    </div>
  </div>
</form>
`;
