// Jest Snapshot v1, https://goo.gl/fbAQLP

exports[`Form render render an Form Component 1`] = `
<form
  className="code-ui-form"
  onSubmit={[Function]}
>
  <div
    className="code-ui-row code-ui-formItem"
    style={Object {}}
  >
    <div
      className="code-ui-col code-ui-col-8 code-ui-formItem-col"
      style={Object {}}
    >
      <div
        className="code-ui-formItem-label"
      >
        test
      </div>
    </div>
    <div
      className="code-ui-col code-ui-col-16"
      style={Object {}}
    >
      <div
        className="code-ui-formItemInput"
      >
        <input
          className="code-ui-input-inputLabel"
          disabled={false}
          onBlur={[Function]}
          onChange={[Function]}
          onFocus={[Function]}
          type="text"
        />
      </div>
    </div>
  </div>
</form>
`;
